SQL> insert into S22_S003_13_Customer(CUSTOMER_ID,NAME,EMAIL) values (1,'Bruce','bruce@gmail.com');

1 row created.

SQL> insert into S22_S003_13_Customer(CUSTOMER_ID,NAME,EMAIL) values (2,'Tony','tony@gmail.com');

1 row created.

SQL> insert into S22_S003_13_Customer(CUSTOMER_ID,NAME,EMAIL) values (3,'Barry','barry@gmail.com');

1 row created.

SQL> insert into S22_S003_13_Customer(CUSTOMER_ID,NAME,EMAIL) values (4,'Bart','bart@gmail.com');

1 row created.

SQL> insert into S22_S003_13_Customer(CUSTOMER_ID,NAME,EMAIL) values (5,'Peter','peter@gmail.com');

1 row created.

SQL> insert into S22_S003_13_Customer(CUSTOMER_ID,NAME,EMAIL) values (6,'Gwen','gwen@gmail.com');

1 row created.

SQL> insert into S22_S003_13_Customer(CUSTOMER_ID,NAME,EMAIL) values (7,'Jordan','jordan@gmail.com');

1 row created.

SQL> insert into S22_S003_13_Customer(CUSTOMER_ID,NAME,EMAIL) values (8,'Murdock','murdock@gmail.com');

1 row created.

SQL> insert into S22_S003_13_Customer(CUSTOMER_ID,NAME,EMAIL) values (9,'Susan ','susan@gmail.com');

1 row created.

SQL> insert into S22_S003_13_Customer(CUSTOMER_ID,NAME,EMAIL) values (10,'Johnny','johnny@gmail.com');

1 row created.

SQL> insert into S22_S003_13_Customer(CUSTOMER_ID,NAME,EMAIL) values (11,'Selina ','selina@gmail.com');

1 row created.

SQL> insert into S22_S003_13_Customer(CUSTOMER_ID,NAME,EMAIL) values (12,'Arthur','arthur@gmail.com');

1 row created.

SQL> insert into S22_S003_13_Customer(CUSTOMER_ID,NAME,EMAIL) values (13,'Carol','carol@gmail.com');

1 row created.

SQL> insert into S22_S003_13_Customer(CUSTOMER_ID,NAME,EMAIL) values (14,'Diana','diana@gmail.com');

1 row created.

SQL> insert into S22_S003_13_Customer(CUSTOMER_ID,NAME,EMAIL) values (15,'Billy','billy@gmail.com');

1 row created.

SQL> insert into S22_S003_13_Customer(CUSTOMER_ID,NAME,EMAIL) values (16,'Jean','jean@gmail.com');

1 row created.

SQL> insert into S22_S003_13_Customer(CUSTOMER_ID,NAME,EMAIL) values (17,'Logan','logan@gmail.com');

1 row created.

SQL> insert into S22_S003_13_Customer(CUSTOMER_ID,NAME,EMAIL) values (18,'Natasha','natasha@gmail.com');

1 row created.

SQL> insert into S22_S003_13_Customer(CUSTOMER_ID,NAME,EMAIL) values (19,'Steve','steve@gmail.com');

1 row created.

SQL> insert into S22_S003_13_Customer(CUSTOMER_ID,NAME,EMAIL) values (20,'Sam','sam@gmail.com');

1 row created.

SQL> insert into S22_S003_13_Customer(CUSTOMER_ID,NAME,EMAIL) values (21,'Wade','wade@gmail.com');

1 row created.

SQL> insert into S22_S003_13_Customer(CUSTOMER_ID,NAME,EMAIL) values (22,'Wanda','wanda@gmail.com');

1 row created.

SQL> insert into S22_S003_13_Customer(CUSTOMER_ID,NAME,EMAIL) values (23,'Miles','miles@gmail.com');

1 row created.

SQL> insert into S22_S003_13_Customer(CUSTOMER_ID,NAME,EMAIL) values (24,'Charles','charles@gmail.com');

1 row created.

SQL> insert into S22_S003_13_Customer(CUSTOMER_ID,NAME,EMAIL) values (25,'Clint','clint@gmail.com');

1 row created.

SQL> insert into S22_S003_13_Customer_Phone_Number(CUSTOMER_ID,PHONE_TYPE,PHONE_NUMBER) values (1,'Primary','6736529842');

1 row created.

SQL> insert into S22_S003_13_Customer_Phone_Number(CUSTOMER_ID,PHONE_TYPE,PHONE_NUMBER) values (1,'Secondary','8308647753');

1 row created.

SQL> insert into S22_S003_13_Customer_Phone_Number(CUSTOMER_ID,PHONE_TYPE,PHONE_NUMBER) values (2,'Primary','5192590235');

1 row created.

SQL> insert into S22_S003_13_Customer_Phone_Number(CUSTOMER_ID,PHONE_TYPE,PHONE_NUMBER) values (2,'Secondary','NULL');

1 row created.

SQL> insert into S22_S003_13_Customer_Phone_Number(CUSTOMER_ID,PHONE_TYPE,PHONE_NUMBER) values (3,'Primary','6585965400');

1 row created.

SQL> insert into S22_S003_13_Customer_Phone_Number(CUSTOMER_ID,PHONE_TYPE,PHONE_NUMBER) values (3,'Secondary','9210322771');

1 row created.

SQL> insert into S22_S003_13_Customer_Phone_Number(CUSTOMER_ID,PHONE_TYPE,PHONE_NUMBER) values (4,'Primary','8313709314');

1 row created.

SQL> insert into S22_S003_13_Customer_Phone_Number(CUSTOMER_ID,PHONE_TYPE,PHONE_NUMBER) values (4,'Secondary','NULL');

1 row created.

SQL> insert into S22_S003_13_Customer_Phone_Number(CUSTOMER_ID,PHONE_TYPE,PHONE_NUMBER) values (5,'Primary','2741557853');

1 row created.

SQL> insert into S22_S003_13_Customer_Phone_Number(CUSTOMER_ID,PHONE_TYPE,PHONE_NUMBER) values (5,'Secondary','7685614295');

1 row created.

SQL> insert into S22_S003_13_Customer_Phone_Number(CUSTOMER_ID,PHONE_TYPE,PHONE_NUMBER) values (6,'Primary','7027162267');

1 row created.

SQL> insert into S22_S003_13_Customer_Phone_Number(CUSTOMER_ID,PHONE_TYPE,PHONE_NUMBER) values (6,'Secondary','9093803543');

1 row created.

SQL> insert into S22_S003_13_Customer_Phone_Number(CUSTOMER_ID,PHONE_TYPE,PHONE_NUMBER) values (7,'Primary','8493643879');

1 row created.

SQL> insert into S22_S003_13_Customer_Phone_Number(CUSTOMER_ID,PHONE_TYPE,PHONE_NUMBER) values (7,'Secondary','NULL');

1 row created.

SQL> insert into S22_S003_13_Customer_Phone_Number(CUSTOMER_ID,PHONE_TYPE,PHONE_NUMBER) values (8,'Primary','4066555710');

1 row created.

SQL> insert into S22_S003_13_Customer_Phone_Number(CUSTOMER_ID,PHONE_TYPE,PHONE_NUMBER) values (8,'Secondary','1446755290');

1 row created.

SQL> insert into S22_S003_13_Customer_Phone_Number(CUSTOMER_ID,PHONE_TYPE,PHONE_NUMBER) values (9,'Primary','1158019563');

1 row created.

SQL> insert into S22_S003_13_Customer_Phone_Number(CUSTOMER_ID,PHONE_TYPE,PHONE_NUMBER) values (9,'Secondary','NULL');

1 row created.

SQL> insert into S22_S003_13_Customer_Phone_Number(CUSTOMER_ID,PHONE_TYPE,PHONE_NUMBER) values (10,'Primary','9745558433');

1 row created.

SQL> insert into S22_S003_13_Customer_Phone_Number(CUSTOMER_ID,PHONE_TYPE,PHONE_NUMBER) values (10,'Secondary','9004473673');

1 row created.

SQL> insert into S22_S003_13_Customer_Phone_Number(CUSTOMER_ID,PHONE_TYPE,PHONE_NUMBER) values (11,'Primary','3550257864');

1 row created.

SQL> insert into S22_S003_13_Customer_Phone_Number(CUSTOMER_ID,PHONE_TYPE,PHONE_NUMBER) values (11,'Secondary','NULL');

1 row created.

SQL> insert into S22_S003_13_Customer_Phone_Number(CUSTOMER_ID,PHONE_TYPE,PHONE_NUMBER) values (12,'Primary','7552916700');

1 row created.

SQL> insert into S22_S003_13_Customer_Phone_Number(CUSTOMER_ID,PHONE_TYPE,PHONE_NUMBER) values (12,'Secondary','4481161440');

1 row created.

SQL> insert into S22_S003_13_Customer_Phone_Number(CUSTOMER_ID,PHONE_TYPE,PHONE_NUMBER) values (13,'Primary','5121012694');

1 row created.

SQL> insert into S22_S003_13_Customer_Phone_Number(CUSTOMER_ID,PHONE_TYPE,PHONE_NUMBER) values (13,'Secondary','NULL');

1 row created.

SQL> insert into S22_S003_13_Customer_Phone_Number(CUSTOMER_ID,PHONE_TYPE,PHONE_NUMBER) values (14,'Primary','7479178881');

1 row created.

SQL> insert into S22_S003_13_Customer_Phone_Number(CUSTOMER_ID,PHONE_TYPE,PHONE_NUMBER) values (14,'Secondary','8541594785');

1 row created.

SQL> insert into S22_S003_13_Customer_Phone_Number(CUSTOMER_ID,PHONE_TYPE,PHONE_NUMBER) values (15,'Primary','4161142224');

1 row created.

SQL> insert into S22_S003_13_Customer_Phone_Number(CUSTOMER_ID,PHONE_TYPE,PHONE_NUMBER) values (15,'Secondary','9791422514');

1 row created.

SQL> insert into S22_S003_13_Customer_Phone_Number(CUSTOMER_ID,PHONE_TYPE,PHONE_NUMBER) values (16,'Primary','3129406147');

1 row created.

SQL> insert into S22_S003_13_Customer_Phone_Number(CUSTOMER_ID,PHONE_TYPE,PHONE_NUMBER) values (16,'Secondary','3757933344');

1 row created.

SQL> insert into S22_S003_13_Customer_Phone_Number(CUSTOMER_ID,PHONE_TYPE,PHONE_NUMBER) values (17,'Primary','7363807899');

1 row created.

SQL> insert into S22_S003_13_Customer_Phone_Number(CUSTOMER_ID,PHONE_TYPE,PHONE_NUMBER) values (17,'Secondary','NULL');

1 row created.

SQL> insert into S22_S003_13_Customer_Phone_Number(CUSTOMER_ID,PHONE_TYPE,PHONE_NUMBER) values (18,'Primary','9363841590');

1 row created.

SQL> insert into S22_S003_13_Customer_Phone_Number(CUSTOMER_ID,PHONE_TYPE,PHONE_NUMBER) values (18,'Secondary','6523550095');

1 row created.

SQL> insert into S22_S003_13_Customer_Phone_Number(CUSTOMER_ID,PHONE_TYPE,PHONE_NUMBER) values (19,'Primary','7800289409');

1 row created.

SQL> insert into S22_S003_13_Customer_Phone_Number(CUSTOMER_ID,PHONE_TYPE,PHONE_NUMBER) values (19,'Secondary','NULL');

1 row created.

SQL> insert into S22_S003_13_Customer_Phone_Number(CUSTOMER_ID,PHONE_TYPE,PHONE_NUMBER) values (20,'Primary','8922832324');

1 row created.

SQL> insert into S22_S003_13_Customer_Phone_Number(CUSTOMER_ID,PHONE_TYPE,PHONE_NUMBER) values (20,'Secondary','1497391518');

1 row created.

SQL> insert into S22_S003_13_Customer_Phone_Number(CUSTOMER_ID,PHONE_TYPE,PHONE_NUMBER) values (21,'Primary','4340951520');

1 row created.

SQL> insert into S22_S003_13_Customer_Phone_Number(CUSTOMER_ID,PHONE_TYPE,PHONE_NUMBER) values (21,'Secondary','3933499132');

1 row created.

SQL> insert into S22_S003_13_Customer_Phone_Number(CUSTOMER_ID,PHONE_TYPE,PHONE_NUMBER) values (22,'Primary','5355379261');

1 row created.

SQL> insert into S22_S003_13_Customer_Phone_Number(CUSTOMER_ID,PHONE_TYPE,PHONE_NUMBER) values (22,'Secondary','4886767034');

1 row created.

SQL> insert into S22_S003_13_Customer_Phone_Number(CUSTOMER_ID,PHONE_TYPE,PHONE_NUMBER) values (23,'Primary','9267321916');

1 row created.

SQL> insert into S22_S003_13_Customer_Phone_Number(CUSTOMER_ID,PHONE_TYPE,PHONE_NUMBER) values (23,'Secondary','NULL');

1 row created.

SQL> insert into S22_S003_13_Customer_Phone_Number(CUSTOMER_ID,PHONE_TYPE,PHONE_NUMBER) values (24,'Primary','4633415636');

1 row created.

SQL> insert into S22_S003_13_Customer_Phone_Number(CUSTOMER_ID,PHONE_TYPE,PHONE_NUMBER) values (24,'Secondary','4658565132');

1 row created.

SQL> insert into S22_S003_13_Customer_Phone_Number(CUSTOMER_ID,PHONE_TYPE,PHONE_NUMBER) values (25,'Primary','4607713116');

1 row created.

SQL> insert into S22_S003_13_Customer_Phone_Number(CUSTOMER_ID,PHONE_TYPE,PHONE_NUMBER) values (25,'Secondary','NULL');

1 row created.

SQL> insert into S22_S003_13_Order (Order_Id,Order_Amount,Order_Mode,Customer_iD,Placed_Order_Day,Placed_Order_Date,Placed_Order_Time) values (1,'114.32','Store ',11,'Wednesday','2/25/22','19:54');

1 row created.

SQL> insert into S22_S003_13_Order (Order_Id,Order_Amount,Order_Mode,Customer_iD,Placed_Order_Day,Placed_Order_Date,Placed_Order_Time) values (2,'108.33','Online',5,'Saturday','1/27/22','17:41');

1 row created.

SQL> insert into S22_S003_13_Order (Order_Id,Order_Amount,Order_Mode,Customer_iD,Placed_Order_Day,Placed_Order_Date,Placed_Order_Time) values (3,'56.7','Store ',8,'Tuesday','2/12/22','22:08');

1 row created.

SQL> insert into S22_S003_13_Order (Order_Id,Order_Amount,Order_Mode,Customer_iD,Placed_Order_Day,Placed_Order_Date,Placed_Order_Time) values (4,'113.8','Online',10,'Saturday','1/18/22','17:30');

1 row created.

SQL> insert into S22_S003_13_Order (Order_Id,Order_Amount,Order_Mode,Customer_iD,Placed_Order_Day,Placed_Order_Date,Placed_Order_Time) values (5,'9.8','Store ',17,'Monday','3/1/22','12:36');

1 row created.

SQL> insert into S22_S003_13_Order (Order_Id,Order_Amount,Order_Mode,Customer_iD,Placed_Order_Day,Placed_Order_Date,Placed_Order_Time) values (6,'36.76','Store ',12,'Friday','1/15/22','9:30');

1 row created.

SQL> insert into S22_S003_13_Order (Order_Id,Order_Amount,Order_Mode,Customer_iD,Placed_Order_Day,Placed_Order_Date,Placed_Order_Time) values (7,'26.65','Store ',5,'Saturday','1/13/22','7:55');

1 row created.

SQL> insert into S22_S003_13_Order (Order_Id,Order_Amount,Order_Mode,Customer_iD,Placed_Order_Day,Placed_Order_Date,Placed_Order_Time) values (8,'45.11','Online',8,'Thursday','1/20/22','4:54');

1 row created.

SQL> insert into S22_S003_13_Order (Order_Id,Order_Amount,Order_Mode,Customer_iD,Placed_Order_Day,Placed_Order_Date,Placed_Order_Time) values (9,'65.36','Store ',21,'Wednesday','2/2/22','10:31');

1 row created.

SQL> insert into S22_S003_13_Order (Order_Id,Order_Amount,Order_Mode,Customer_iD,Placed_Order_Day,Placed_Order_Date,Placed_Order_Time) values (10,'94.02','Online',22,'Wednesday','2/2/22','11:17');

1 row created.

SQL> insert into S22_S003_13_Order (Order_Id,Order_Amount,Order_Mode,Customer_iD,Placed_Order_Day,Placed_Order_Date,Placed_Order_Time) values (11,'38.7','Online',20,'Tuesday','1/8/22','19:46');

1 row created.

SQL> insert into S22_S003_13_Order (Order_Id,Order_Amount,Order_Mode,Customer_iD,Placed_Order_Day,Placed_Order_Date,Placed_Order_Time) values (12,'60.92','Online',24,'Thursday','1/24/22','18:52');

1 row created.

SQL> insert into S22_S003_13_Order (Order_Id,Order_Amount,Order_Mode,Customer_iD,Placed_Order_Day,Placed_Order_Date,Placed_Order_Time) values (13,'81.13','Store ',17,'Monday','2/19/22','20:31');

1 row created.

SQL> insert into S22_S003_13_Order (Order_Id,Order_Amount,Order_Mode,Customer_iD,Placed_Order_Day,Placed_Order_Date,Placed_Order_Time) values (14,'67.5','Store ',23,'Friday','2/11/22','0:30');

1 row created.

SQL> insert into S22_S003_13_Order (Order_Id,Order_Amount,Order_Mode,Customer_iD,Placed_Order_Day,Placed_Order_Date,Placed_Order_Time) values (15,'6.09','Online',6,'Friday','2/19/22','1:33');

1 row created.

SQL> insert into S22_S003_13_Order (Order_Id,Order_Amount,Order_Mode,Customer_iD,Placed_Order_Day,Placed_Order_Date,Placed_Order_Time) values (16,'118.58','Online',16,'Monday','2/24/22','2:40');

1 row created.

SQL> insert into S22_S003_13_Order (Order_Id,Order_Amount,Order_Mode,Customer_iD,Placed_Order_Day,Placed_Order_Date,Placed_Order_Time) values (17,'59.42','Online',2,'Saturday','1/23/22','16:36');

1 row created.

SQL> insert into S22_S003_13_Order (Order_Id,Order_Amount,Order_Mode,Customer_iD,Placed_Order_Day,Placed_Order_Date,Placed_Order_Time) values (18,'9.25','Store ',16,'Tuesday','2/8/22','21:07');

1 row created.

SQL> insert into S22_S003_13_Order (Order_Id,Order_Amount,Order_Mode,Customer_iD,Placed_Order_Day,Placed_Order_Date,Placed_Order_Time) values (19,'10.85','Store ',6,'Thursday','2/28/22','1:59');

1 row created.

SQL> insert into S22_S003_13_Order (Order_Id,Order_Amount,Order_Mode,Customer_iD,Placed_Order_Day,Placed_Order_Date,Placed_Order_Time) values (20,'129.12','Online',4,'Tuesday','1/13/22','12:28');

1 row created.

SQL> insert into S22_S003_13_Order (Order_Id,Order_Amount,Order_Mode,Customer_iD,Placed_Order_Day,Placed_Order_Date,Placed_Order_Time) values (21,'119.9','Online',21,'Wednesday','1/30/22','12:27');

1 row created.

SQL> insert into S22_S003_13_Order (Order_Id,Order_Amount,Order_Mode,Customer_iD,Placed_Order_Day,Placed_Order_Date,Placed_Order_Time) values (22,'65.06','Store ',19,'Thursday','2/3/22','14:56');

1 row created.

SQL> insert into S22_S003_13_Order (Order_Id,Order_Amount,Order_Mode,Customer_iD,Placed_Order_Day,Placed_Order_Date,Placed_Order_Time) values (23,'72.92','Online',9,'Sunday','1/17/22','9:43');

1 row created.

SQL> insert into S22_S003_13_Order (Order_Id,Order_Amount,Order_Mode,Customer_iD,Placed_Order_Day,Placed_Order_Date,Placed_Order_Time) values (24,'43.57','Online',23,'Thursday','1/5/22','20:00');

1 row created.

SQL> insert into S22_S003_13_Order (Order_Id,Order_Amount,Order_Mode,Customer_iD,Placed_Order_Day,Placed_Order_Date,Placed_Order_Time) values (25,'22.51','Store ',19,'Thursday','2/9/22','16:14');

1 row created.

SQL> insert into S22_S003_13_Order (Order_Id,Order_Amount,Order_Mode,Customer_iD,Placed_Order_Day,Placed_Order_Date,Placed_Order_Time) values (26,'90.57','Online',15,'Monday','2/3/22','17:31');

1 row created.

SQL> insert into S22_S003_13_Order (Order_Id,Order_Amount,Order_Mode,Customer_iD,Placed_Order_Day,Placed_Order_Date,Placed_Order_Time) values (27,'51.59','Online',20,'Thursday','1/2/22','18:28');

1 row created.

SQL> insert into S22_S003_13_Order (Order_Id,Order_Amount,Order_Mode,Customer_iD,Placed_Order_Day,Placed_Order_Date,Placed_Order_Time) values (28,'114.51','Store ',7,'Monday','1/16/22','9:48');

1 row created.

SQL> insert into S22_S003_13_Order (Order_Id,Order_Amount,Order_Mode,Customer_iD,Placed_Order_Day,Placed_Order_Date,Placed_Order_Time) values (29,'85.43','Online',1,'Sunday','2/3/22','22:28');

1 row created.

SQL> insert into S22_S003_13_Order (Order_Id,Order_Amount,Order_Mode,Customer_iD,Placed_Order_Day,Placed_Order_Date,Placed_Order_Time) values (30,'14.85','Online',20,'Monday','2/24/22','1:30');

1 row created.

SQL> insert into S22_S003_13_Order (Order_Id,Order_Amount,Order_Mode,Customer_iD,Placed_Order_Day,Placed_Order_Date,Placed_Order_Time) values (31,'81.73','Online',18,'Sunday','1/24/22','19:08');

1 row created.

SQL> insert into S22_S003_13_Order (Order_Id,Order_Amount,Order_Mode,Customer_iD,Placed_Order_Day,Placed_Order_Date,Placed_Order_Time) values (32,'78.38','Online',13,'Sunday','1/23/22','13:11');

1 row created.

SQL> insert into S22_S003_13_Order (Order_Id,Order_Amount,Order_Mode,Customer_iD,Placed_Order_Day,Placed_Order_Date,Placed_Order_Time) values (33,'71.85','Store ',2,'Sunday','1/13/22','11:18');

1 row created.

SQL> insert into S22_S003_13_Order (Order_Id,Order_Amount,Order_Mode,Customer_iD,Placed_Order_Day,Placed_Order_Date,Placed_Order_Time) values (34,'109.01','Online',12,'Saturday','3/1/22','5:38');

1 row created.

SQL> insert into S22_S003_13_Order (Order_Id,Order_Amount,Order_Mode,Customer_iD,Placed_Order_Day,Placed_Order_Date,Placed_Order_Time) values (35,'39.91','Store ',1,'Wednesday','1/21/22','2:44');

1 row created.

SQL> insert into S22_S003_13_Order (Order_Id,Order_Amount,Order_Mode,Customer_iD,Placed_Order_Day,Placed_Order_Date,Placed_Order_Time) values (36,'63.67','Store ',15,'Friday','1/14/22','3:03');

1 row created.

SQL> insert into S22_S003_13_Order (Order_Id,Order_Amount,Order_Mode,Customer_iD,Placed_Order_Day,Placed_Order_Date,Placed_Order_Time) values (37,'75.26','Online',8,'Wednesday','1/13/22','4:19');

1 row created.

SQL> insert into S22_S003_13_Order (Order_Id,Order_Amount,Order_Mode,Customer_iD,Placed_Order_Day,Placed_Order_Date,Placed_Order_Time) values (38,'83.15','Online',5,'Friday','1/21/22','15:45');

1 row created.

SQL> insert into S22_S003_13_Order (Order_Id,Order_Amount,Order_Mode,Customer_iD,Placed_Order_Day,Placed_Order_Date,Placed_Order_Time) values (39,'115.98','Store ',4,'Sunday','2/14/22','7:21');

1 row created.

SQL> insert into S22_S003_13_Order (Order_Id,Order_Amount,Order_Mode,Customer_iD,Placed_Order_Day,Placed_Order_Date,Placed_Order_Time) values (40,'74.31','Store ',12,'Tuesday','2/11/22','6:08');

1 row created.

SQL> insert into S22_S003_13_Order (Order_Id,Order_Amount,Order_Mode,Customer_iD,Placed_Order_Day,Placed_Order_Date,Placed_Order_Time) values (41,'93.79','Online',18,'Sunday','1/9/22','10:11');

1 row created.

SQL> insert into S22_S003_13_Order (Order_Id,Order_Amount,Order_Mode,Customer_iD,Placed_Order_Day,Placed_Order_Date,Placed_Order_Time) values (42,'96.93','Online',13,'Monday','1/20/22','0:11');

1 row created.

SQL> insert into S22_S003_13_Order (Order_Id,Order_Amount,Order_Mode,Customer_iD,Placed_Order_Day,Placed_Order_Date,Placed_Order_Time) values (43,'85.75','Store ',5,'Wednesday','1/1/22','23:49');

1 row created.

SQL> insert into S22_S003_13_Order (Order_Id,Order_Amount,Order_Mode,Customer_iD,Placed_Order_Day,Placed_Order_Date,Placed_Order_Time) values (44,'15.85','Online',8,'Wednesday','2/11/22','14:05');

1 row created.

SQL> insert into S22_S003_13_Order (Order_Id,Order_Amount,Order_Mode,Customer_iD,Placed_Order_Day,Placed_Order_Date,Placed_Order_Time) values (45,'99.93','Store ',2,'Friday','1/14/22','20:55');

1 row created.

SQL> insert into S22_S003_13_Order (Order_Id,Order_Amount,Order_Mode,Customer_iD,Placed_Order_Day,Placed_Order_Date,Placed_Order_Time) values (46,'144.93','Online',25,'Tuesday','2/23/22','8:24');

1 row created.

SQL> insert into S22_S003_13_Order (Order_Id,Order_Amount,Order_Mode,Customer_iD,Placed_Order_Day,Placed_Order_Date,Placed_Order_Time) values (47,'124.07','Store ',24,'Thursday','2/13/22','12:39');

1 row created.

SQL> insert into S22_S003_13_Order (Order_Id,Order_Amount,Order_Mode,Customer_iD,Placed_Order_Day,Placed_Order_Date,Placed_Order_Time) values (48,'79.34','Online',1,'Sunday','1/15/22','12:31');

1 row created.

SQL> insert into S22_S003_13_Order (Order_Id,Order_Amount,Order_Mode,Customer_iD,Placed_Order_Day,Placed_Order_Date,Placed_Order_Time) values (49,'47.32','Store ',16,'Monday','1/11/22','0:17');

1 row created.

SQL> insert into S22_S003_13_Order (Order_Id,Order_Amount,Order_Mode,Customer_iD,Placed_Order_Day,Placed_Order_Date,Placed_Order_Time) values (50,'130.16','Online',4,'Monday','2/7/22','23:21');

1 row created.

SQL> 
SQL> insert into S22_S003_13_Product_Category (Category,Aisle) values ('Fresh Produce','A1');

1 row created.

SQL> insert into S22_S003_13_Product_Category (Category,Aisle) values ('Dairy','A2');

1 row created.

SQL> insert into S22_S003_13_Product_Category (Category,Aisle) values ('Meat','A3');

1 row created.

SQL> insert into S22_S003_13_Product_Category (Category,Aisle) values ('Seafood','A4');

1 row created.

SQL> insert into S22_S003_13_Product_Category (Category,Aisle) values ('Bakery','A5');

1 row created.

SQL> insert into S22_S003_13_Product_Category (Category,Aisle) values ('Beer Wine','A6');

1 row created.

SQL> insert into S22_S003_13_Product_Category (Category,Aisle) values ('Kitchen','A7');

1 row created.

SQL> insert into S22_S003_13_Product_Category (Category,Aisle) values ('Household','A8');

1 row created.

SQL> insert into S22_S003_13_Product_Category (Category,Aisle) values ('Personal Care','A9');

1 row created.

SQL> insert into S22_S003_13_Product_Category (Category,Aisle) values ('Front End','A10');

1 row created.

SQL> insert into S22_S003_13_Product (PRODUCT_ID,PRODUCT_NAME,CATEGORY,SELLING_PRICE,COST_PRICE) values (201,'Tomato','Fresh Produce','1.98','1.584');

1 row created.

SQL> insert into S22_S003_13_Product (PRODUCT_ID,PRODUCT_NAME,CATEGORY,SELLING_PRICE,COST_PRICE) values (202,'Onion','Fresh Produce','3.54','2.832');

1 row created.

SQL> insert into S22_S003_13_Product (PRODUCT_ID,PRODUCT_NAME,CATEGORY,SELLING_PRICE,COST_PRICE) values (203,'Potato','Fresh Produce','2.37','1.896');

1 row created.

SQL> insert into S22_S003_13_Product (PRODUCT_ID,PRODUCT_NAME,CATEGORY,SELLING_PRICE,COST_PRICE) values (204,'Leafy Greens','Fresh Produce','1.67','1.336');

1 row created.

SQL> insert into S22_S003_13_Product (PRODUCT_ID,PRODUCT_NAME,CATEGORY,SELLING_PRICE,COST_PRICE) values (205,'Apple ','Fresh Produce','5.43','4.344');

1 row created.

SQL> insert into S22_S003_13_Product (PRODUCT_ID,PRODUCT_NAME,CATEGORY,SELLING_PRICE,COST_PRICE) values (206,'Banana','Fresh Produce','3.37','2.696');

1 row created.

SQL> insert into S22_S003_13_Product (PRODUCT_ID,PRODUCT_NAME,CATEGORY,SELLING_PRICE,COST_PRICE) values (207,'Orange','Fresh Produce','6.75','5.4');

1 row created.

SQL> insert into S22_S003_13_Product (PRODUCT_ID,PRODUCT_NAME,CATEGORY,SELLING_PRICE,COST_PRICE) values (208,'Watermelon','Fresh Produce','7.82','6.256');

1 row created.

SQL> insert into S22_S003_13_Product (PRODUCT_ID,PRODUCT_NAME,CATEGORY,SELLING_PRICE,COST_PRICE) values (209,'Berries','Fresh Produce','8.89','7.112');

1 row created.

SQL> insert into S22_S003_13_Product (PRODUCT_ID,PRODUCT_NAME,CATEGORY,SELLING_PRICE,COST_PRICE) values (210,'Yogurt','Dairy','5.36','4.288');

1 row created.

SQL> insert into S22_S003_13_Product (PRODUCT_ID,PRODUCT_NAME,CATEGORY,SELLING_PRICE,COST_PRICE) values (211,'Cheese','Dairy','4.84','3.872');

1 row created.

SQL> insert into S22_S003_13_Product (PRODUCT_ID,PRODUCT_NAME,CATEGORY,SELLING_PRICE,COST_PRICE) values (212,'Butter','Dairy','3.58','2.864');

1 row created.

SQL> insert into S22_S003_13_Product (PRODUCT_ID,PRODUCT_NAME,CATEGORY,SELLING_PRICE,COST_PRICE) values (213,'Eggs','Dairy','4.04','3.232');

1 row created.

SQL> insert into S22_S003_13_Product (PRODUCT_ID,PRODUCT_NAME,CATEGORY,SELLING_PRICE,COST_PRICE) values (214,'Creamer','Dairy','4.99','3.992');

1 row created.

SQL> insert into S22_S003_13_Product (PRODUCT_ID,PRODUCT_NAME,CATEGORY,SELLING_PRICE,COST_PRICE) values (215,'Chicken','Meat','7.68','6.144');

1 row created.

SQL> insert into S22_S003_13_Product (PRODUCT_ID,PRODUCT_NAME,CATEGORY,SELLING_PRICE,COST_PRICE) values (216,'Lamb','Meat','8.93','7.144');

1 row created.

SQL> insert into S22_S003_13_Product (PRODUCT_ID,PRODUCT_NAME,CATEGORY,SELLING_PRICE,COST_PRICE) values (217,'Beef','Meat','12.72','10.176');

1 row created.

SQL> insert into S22_S003_13_Product (PRODUCT_ID,PRODUCT_NAME,CATEGORY,SELLING_PRICE,COST_PRICE) values (218,'Pork','Meat','11.31','9.048');

1 row created.

SQL> insert into S22_S003_13_Product (PRODUCT_ID,PRODUCT_NAME,CATEGORY,SELLING_PRICE,COST_PRICE) values (219,'Sausage','Meat','2.76','2.208');

1 row created.

SQL> insert into S22_S003_13_Product (PRODUCT_ID,PRODUCT_NAME,CATEGORY,SELLING_PRICE,COST_PRICE) values (220,'Fish','Seafood','8.08','6.464');

1 row created.

SQL> insert into S22_S003_13_Product (PRODUCT_ID,PRODUCT_NAME,CATEGORY,SELLING_PRICE,COST_PRICE) values (221,'Shrimp','Seafood','6.32','5.056');

1 row created.

SQL> insert into S22_S003_13_Product (PRODUCT_ID,PRODUCT_NAME,CATEGORY,SELLING_PRICE,COST_PRICE) values (222,'Crab','Seafood','5.83','4.664');

1 row created.

SQL> insert into S22_S003_13_Product (PRODUCT_ID,PRODUCT_NAME,CATEGORY,SELLING_PRICE,COST_PRICE) values (223,'Cake','Bakery','6.98','5.584');

1 row created.

SQL> insert into S22_S003_13_Product (PRODUCT_ID,PRODUCT_NAME,CATEGORY,SELLING_PRICE,COST_PRICE) values (224,'Bread','Bakery','2.58','2.064');

1 row created.

SQL> insert into S22_S003_13_Product (PRODUCT_ID,PRODUCT_NAME,CATEGORY,SELLING_PRICE,COST_PRICE) values (225,'Donut','Bakery','2.97','2.376');

1 row created.

SQL> insert into S22_S003_13_Product (PRODUCT_ID,PRODUCT_NAME,CATEGORY,SELLING_PRICE,COST_PRICE) values (226,'Buns & Rolls','Bakery','2.27','1.816');
Enter value for rolls: insert into S22_S003_13_Product (PRODUCT_ID,PRODUCT_NAME,CATEGORY,SELLING_PRICE,COST_PRICE) values (227,'Cookies','Bakery','3.98','3.184');
old   1: insert into S22_S003_13_Product (PRODUCT_ID,PRODUCT_NAME,CATEGORY,SELLING_PRICE,COST_PRICE) values (226,'Buns & Rolls','Bakery','2.27','1.816')
new   1: insert into S22_S003_13_Product (PRODUCT_ID,PRODUCT_NAME,CATEGORY,SELLING_PRICE,COST_PRICE) values (226,'Buns insert into S22_S003_13_Product (PRODUCT_ID,PRODUCT_NAME,CATEGORY,SELLING_PRICE,COST_PRICE) values (227,'Cookies','Bakery','3.98','3.184');','Bakery','2.27','1.816')
insert into S22_S003_13_Product (PRODUCT_ID,PRODUCT_NAME,CATEGORY,SELLING_PRICE,COST_PRICE) values (226,'Buns insert into S22_S003_13_Product (PRODUCT_ID,PRODUCT_NAME,CATEGORY,SELLING_PRICE,COST_PRICE) values (227,'Cookies','Bakery','3.98','3.184');','Bakery','2.27','1.816')
                                                                                                                                                                                                                       *
ERROR at line 1:
ORA-00917: missing comma 


SQL> insert into S22_S003_13_Product (PRODUCT_ID,PRODUCT_NAME,CATEGORY,SELLING_PRICE,COST_PRICE) values (228,'Craft Beer','Beer Wine','9.48','7.584');

1 row created.

SQL> insert into S22_S003_13_Product (PRODUCT_ID,PRODUCT_NAME,CATEGORY,SELLING_PRICE,COST_PRICE) values (229,'Red Wine','Beer Wine','8.98','7.184');

1 row created.

SQL> insert into S22_S003_13_Product (PRODUCT_ID,PRODUCT_NAME,CATEGORY,SELLING_PRICE,COST_PRICE) values (230,'White Wine','Beer Wine','5.48','4.384');

1 row created.

SQL> insert into S22_S003_13_Product (PRODUCT_ID,PRODUCT_NAME,CATEGORY,SELLING_PRICE,COST_PRICE) values (231,'Champagne','Beer Wine','6.98','5.584');

1 row created.

SQL> insert into S22_S003_13_Product (PRODUCT_ID,PRODUCT_NAME,CATEGORY,SELLING_PRICE,COST_PRICE) values (232,'Glassware','Kitchen','14.92','11.936');

1 row created.

SQL> insert into S22_S003_13_Product (PRODUCT_ID,PRODUCT_NAME,CATEGORY,SELLING_PRICE,COST_PRICE) values (233,'Cutlery','Kitchen','23.78','19.024');

1 row created.

SQL> insert into S22_S003_13_Product (PRODUCT_ID,PRODUCT_NAME,CATEGORY,SELLING_PRICE,COST_PRICE) values (234,'Cookware','Kitchen','39.97','31.976');

1 row created.

SQL> insert into S22_S003_13_Product (PRODUCT_ID,PRODUCT_NAME,CATEGORY,SELLING_PRICE,COST_PRICE) values (235,'Table Linen','Kitchen','6.49','5.192');

1 row created.

SQL> insert into S22_S003_13_Product (PRODUCT_ID,PRODUCT_NAME,CATEGORY,SELLING_PRICE,COST_PRICE) values (236,'Storage Containers','Kitchen','10.98','8.784');

1 row created.

SQL> insert into S22_S003_13_Product (PRODUCT_ID,PRODUCT_NAME,CATEGORY,SELLING_PRICE,COST_PRICE) values (237,'Detergent','Household','8.87','7.096');

1 row created.

SQL> insert into S22_S003_13_Product (PRODUCT_ID,PRODUCT_NAME,CATEGORY,SELLING_PRICE,COST_PRICE) values (238,'Fabric Softener','Household','4.94','3.952');

1 row created.

SQL> insert into S22_S003_13_Product (PRODUCT_ID,PRODUCT_NAME,CATEGORY,SELLING_PRICE,COST_PRICE) values (239,'Paper Towel','Household','9.97','7.976');

1 row created.

SQL> insert into S22_S003_13_Product (PRODUCT_ID,PRODUCT_NAME,CATEGORY,SELLING_PRICE,COST_PRICE) values (240,'Toilet Paper','Household','12.78','10.224');

1 row created.

SQL> insert into S22_S003_13_Product (PRODUCT_ID,PRODUCT_NAME,CATEGORY,SELLING_PRICE,COST_PRICE) values (241,'Air Freshener','Household','7.63','6.104');

1 row created.

SQL> insert into S22_S003_13_Product (PRODUCT_ID,PRODUCT_NAME,CATEGORY,SELLING_PRICE,COST_PRICE) values (242,'Trash Bag','Household','12.66','10.128');

1 row created.

SQL> insert into S22_S003_13_Product (PRODUCT_ID,PRODUCT_NAME,CATEGORY,SELLING_PRICE,COST_PRICE) values (243,'Floor Cleaner','Household','7.13','5.704');

1 row created.

SQL> insert into S22_S003_13_Product (PRODUCT_ID,PRODUCT_NAME,CATEGORY,SELLING_PRICE,COST_PRICE) values (244,'Body Wash','Personal Care','9.96','7.968');

1 row created.

SQL> insert into S22_S003_13_Product (PRODUCT_ID,PRODUCT_NAME,CATEGORY,SELLING_PRICE,COST_PRICE) values (245,'Shampoo','Personal Care','8.56','6.848');

1 row created.

SQL> insert into S22_S003_13_Product (PRODUCT_ID,PRODUCT_NAME,CATEGORY,SELLING_PRICE,COST_PRICE) values (246,'Conditioner','Personal Care','5.99','4.792');

1 row created.

SQL> insert into S22_S003_13_Product (PRODUCT_ID,PRODUCT_NAME,CATEGORY,SELLING_PRICE,COST_PRICE) values (247,'Deodorant','Personal Care','6.12','4.896');

1 row created.

SQL> insert into S22_S003_13_Product (PRODUCT_ID,PRODUCT_NAME,CATEGORY,SELLING_PRICE,COST_PRICE) values (248,'Body Lotion','Personal Care','7.99','6.392');

1 row created.

SQL> insert into S22_S003_13_Product (PRODUCT_ID,PRODUCT_NAME,CATEGORY,SELLING_PRICE,COST_PRICE) values (249,'Razor','Personal Care','9.47','7.576');

1 row created.

SQL> insert into S22_S003_13_Product (PRODUCT_ID,PRODUCT_NAME,CATEGORY,SELLING_PRICE,COST_PRICE) values (250,'Sunscreen','Personal Care','12.46','9.968');

1 row created.

SQL> insert into S22_S003_13_Product (PRODUCT_ID,PRODUCT_NAME,CATEGORY,SELLING_PRICE,COST_PRICE) values (251,'Chocolates','Front End','1.52','1.216');

1 row created.

SQL> insert into S22_S003_13_Product (PRODUCT_ID,PRODUCT_NAME,CATEGORY,SELLING_PRICE,COST_PRICE) values (252,'Chips','Front End','2.78','2.224');

1 row created.

SQL> insert into S22_S003_13_Product (PRODUCT_ID,PRODUCT_NAME,CATEGORY,SELLING_PRICE,COST_PRICE) values (253,'Beverages','Front End','1.78','1.424');

1 row created.

SQL> insert into S22_S003_13_Product (PRODUCT_ID,PRODUCT_NAME,CATEGORY,SELLING_PRICE,COST_PRICE) values (254,'Gift Cards','Front End','25','20');

1 row created.

SQL> insert into S22_S003_13_Product (PRODUCT_ID,PRODUCT_NAME,CATEGORY,SELLING_PRICE,COST_PRICE) values (255,'Chewing Gum','Front End','3.48','2.784');

1 row created.

SQL> insert into S22_S003_13_Product (PRODUCT_ID,PRODUCT_NAME,CATEGORY,SELLING_PRICE,COST_PRICE) values (256,'USB Cable','Front End','7.65','6.12');

1 row created.

SQL> insert into S22_S003_13_Department(DEPARTMENT_ID,DEPARTMENT_NAME) values (2001,'Operations');

1 row created.

SQL> insert into S22_S003_13_Department(DEPARTMENT_ID,DEPARTMENT_NAME) values (2002,'Finance');

1 row created.

SQL> insert into S22_S003_13_Department(DEPARTMENT_ID,DEPARTMENT_NAME) values (2003,'Sales');
     -- Inserting values for only DEPARTMENT_ID, DEPARTMENT_NAME columns
1 row created.

SQL> insert into S22_S003_13_Employee(EMPLOYEE_ID,SALARY,DESIGNATION,FIRST_NAME,MIDDLE_NAME,LAST_NAME,EMPLOYEE_DEPARTMENT_ID) values (100,9631,'Store Manager','Baxter','Holmes','Hyatt',2001);

1 row created.

SQL> insert into S22_S003_13_Employee(EMPLOYEE_ID,SALARY,DESIGNATION,FIRST_NAME,MIDDLE_NAME,LAST_NAME,EMPLOYEE_DEPARTMENT_ID) values (101,3567,'Salesperson','Nicholas','Courtney','Zoe',2003);

1 row created.

SQL> insert into S22_S003_13_Employee(EMPLOYEE_ID,SALARY,DESIGNATION,FIRST_NAME,MIDDLE_NAME,LAST_NAME,EMPLOYEE_DEPARTMENT_ID) values (102,3400,'Salesperson','Lester','Kyra','Wynne',2003);

1 row created.

SQL> insert into S22_S003_13_Employee(EMPLOYEE_ID,SALARY,DESIGNATION,FIRST_NAME,MIDDLE_NAME,LAST_NAME,EMPLOYEE_DEPARTMENT_ID) values (103,7546,'Cashier','Oscar','Jerome','Neville',2002);

1 row created.

SQL> insert into S22_S003_13_Employee(EMPLOYEE_ID,SALARY,DESIGNATION,FIRST_NAME,MIDDLE_NAME,LAST_NAME,EMPLOYEE_DEPARTMENT_ID) values (104,9750,'Store Manager','Lila','Mohammad','Montana',2001);

1 row created.

SQL> insert into S22_S003_13_Employee(EMPLOYEE_ID,SALARY,DESIGNATION,FIRST_NAME,MIDDLE_NAME,LAST_NAME,EMPLOYEE_DEPARTMENT_ID) values (105,7128,'Cashier','Declan','Sawyer','Barrett',2002);

1 row created.

SQL> insert into S22_S003_13_Employee(EMPLOYEE_ID,SALARY,DESIGNATION,FIRST_NAME,MIDDLE_NAME,LAST_NAME,EMPLOYEE_DEPARTMENT_ID) values (106,3050,'Salesperson','Asher','Hayfa','Steel',2003);

1 row created.

SQL> insert into S22_S003_13_Employee(EMPLOYEE_ID,SALARY,DESIGNATION,FIRST_NAME,MIDDLE_NAME,LAST_NAME,EMPLOYEE_DEPARTMENT_ID) values (107,3160,'Salesperson','Kirby','Phelan','Burton',2003);

1 row created.

SQL> insert into S22_S003_13_Employee(EMPLOYEE_ID,SALARY,DESIGNATION,FIRST_NAME,MIDDLE_NAME,LAST_NAME,EMPLOYEE_DEPARTMENT_ID) values (108,7877,'Cashier','Eaton','Bryar','Shelley',2002);

1 row created.

SQL> insert into S22_S003_13_Employee(EMPLOYEE_ID,SALARY,DESIGNATION,FIRST_NAME,MIDDLE_NAME,LAST_NAME,EMPLOYEE_DEPARTMENT_ID) values (109,3980,'Salesperson','Griffith','Elton','Harrison',2003);

1 row created.

SQL> Alter table S22_S003_13_Department add FOREIGN KEY(MANAGER_EMPLOYEE_ID) REFERENCES S22_S003_13_Employee(Employee_Id);
     -- Assigning FOREIGN KEY constraint to the MANAGER_EMPLOYEE_ID column of the DEPARTMENT Table after creating the EMPLOYEE Table
Table altered.

SQL> spool off;
SQL> insert into S22_S003_13_Handles(PRODUCT_ID,EMPLOYEE_ID) values (201,101);

1 row created.

SQL> insert into S22_S003_13_Handles(PRODUCT_ID,EMPLOYEE_ID) values (201,102);

1 row created.

SQL> insert into S22_S003_13_Handles(PRODUCT_ID,EMPLOYEE_ID) values (201,106);

1 row created.

SQL> insert into S22_S003_13_Handles(PRODUCT_ID,EMPLOYEE_ID) values (201,107);

1 row created.

SQL> insert into S22_S003_13_Handles(PRODUCT_ID,EMPLOYEE_ID) values (201,109);

1 row created.

SQL> insert into S22_S003_13_Handles(PRODUCT_ID,EMPLOYEE_ID) values (202,101);

1 row created.

SQL> insert into S22_S003_13_Handles(PRODUCT_ID,EMPLOYEE_ID) values (202,102);

1 row created.

SQL> insert into S22_S003_13_Handles(PRODUCT_ID,EMPLOYEE_ID) values (202,106);

1 row created.

SQL> insert into S22_S003_13_Handles(PRODUCT_ID,EMPLOYEE_ID) values (202,107);

1 row created.

SQL> insert into S22_S003_13_Handles(PRODUCT_ID,EMPLOYEE_ID) values (202,109);

1 row created.

SQL> insert into S22_S003_13_Handles(PRODUCT_ID,EMPLOYEE_ID) values (203,101);

1 row created.

SQL> insert into S22_S003_13_Handles(PRODUCT_ID,EMPLOYEE_ID) values (203,102);

1 row created.

SQL> insert into S22_S003_13_Handles(PRODUCT_ID,EMPLOYEE_ID) values (203,106);

1 row created.

SQL> insert into S22_S003_13_Handles(PRODUCT_ID,EMPLOYEE_ID) values (203,107);

1 row created.

SQL> insert into S22_S003_13_Handles(PRODUCT_ID,EMPLOYEE_ID) values (203,109);

1 row created.

SQL> insert into S22_S003_13_Handles(PRODUCT_ID,EMPLOYEE_ID) values (204,101);

1 row created.

SQL> insert into S22_S003_13_Handles(PRODUCT_ID,EMPLOYEE_ID) values (204,107);

1 row created.

SQL> insert into S22_S003_13_Handles(PRODUCT_ID,EMPLOYEE_ID) values (205,106);

1 row created.

SQL> insert into S22_S003_13_Handles(PRODUCT_ID,EMPLOYEE_ID) values (205,109);

1 row created.

SQL> insert into S22_S003_13_Handles(PRODUCT_ID,EMPLOYEE_ID) values (206,102);

1 row created.

SQL> insert into S22_S003_13_Handles(PRODUCT_ID,EMPLOYEE_ID) values (206,106);

1 row created.

SQL> insert into S22_S003_13_Handles(PRODUCT_ID,EMPLOYEE_ID) values (207,107);

1 row created.

SQL> insert into S22_S003_13_Handles(PRODUCT_ID,EMPLOYEE_ID) values (207,109);

1 row created.

SQL> insert into S22_S003_13_Handles(PRODUCT_ID,EMPLOYEE_ID) values (208,101);

1 row created.

SQL> insert into S22_S003_13_Handles(PRODUCT_ID,EMPLOYEE_ID) values (209,101);

1 row created.

SQL> insert into S22_S003_13_Handles(PRODUCT_ID,EMPLOYEE_ID) values (210,101);

1 row created.

SQL> insert into S22_S003_13_Handles(PRODUCT_ID,EMPLOYEE_ID) values (211,101);

1 row created.

SQL> insert into S22_S003_13_Handles(PRODUCT_ID,EMPLOYEE_ID) values (212,101);

1 row created.

SQL> insert into S22_S003_13_Handles(PRODUCT_ID,EMPLOYEE_ID) values (213,101);

1 row created.

SQL> insert into S22_S003_13_Handles(PRODUCT_ID,EMPLOYEE_ID) values (214,101);

1 row created.

SQL> insert into S22_S003_13_Handles(PRODUCT_ID,EMPLOYEE_ID) values (215,101);

1 row created.

SQL> insert into S22_S003_13_Handles(PRODUCT_ID,EMPLOYEE_ID) values (216,101);

1 row created.

SQL> insert into S22_S003_13_Handles(PRODUCT_ID,EMPLOYEE_ID) values (217,101);

1 row created.

SQL> insert into S22_S003_13_Handles(PRODUCT_ID,EMPLOYEE_ID) values (218,102);

1 row created.

SQL> insert into S22_S003_13_Handles(PRODUCT_ID,EMPLOYEE_ID) values (219,102);

1 row created.

SQL> insert into S22_S003_13_Handles(PRODUCT_ID,EMPLOYEE_ID) values (220,102);

1 row created.

SQL> insert into S22_S003_13_Handles(PRODUCT_ID,EMPLOYEE_ID) values (221,102);

1 row created.

SQL> insert into S22_S003_13_Handles(PRODUCT_ID,EMPLOYEE_ID) values (222,102);

1 row created.

SQL> insert into S22_S003_13_Handles(PRODUCT_ID,EMPLOYEE_ID) values (223,102);

1 row created.

SQL> insert into S22_S003_13_Handles(PRODUCT_ID,EMPLOYEE_ID) values (224,102);

1 row created.

SQL> insert into S22_S003_13_Handles(PRODUCT_ID,EMPLOYEE_ID) values (225,102);

1 row created.

SQL> insert into S22_S003_13_Handles(PRODUCT_ID,EMPLOYEE_ID) values (226,102);
insert into S22_S003_13_Handles(PRODUCT_ID,EMPLOYEE_ID) values (226,102)
*
ERROR at line 1:
ORA-02291: integrity constraint (PXS7587.SYS_C00501124) violated - parent key 
not found 


SQL> insert into S22_S003_13_Handles(PRODUCT_ID,EMPLOYEE_ID) values (227,102);
insert into S22_S003_13_Handles(PRODUCT_ID,EMPLOYEE_ID) values (227,102)
*
ERROR at line 1:
ORA-02291: integrity constraint (PXS7587.SYS_C00501124) violated - parent key 
not found 


SQL> insert into S22_S003_13_Handles(PRODUCT_ID,EMPLOYEE_ID) values (228,106);

1 row created.

SQL> insert into S22_S003_13_Handles(PRODUCT_ID,EMPLOYEE_ID) values (229,106);

1 row created.

SQL> insert into S22_S003_13_Handles(PRODUCT_ID,EMPLOYEE_ID) values (230,106);

1 row created.

SQL> insert into S22_S003_13_Handles(PRODUCT_ID,EMPLOYEE_ID) values (231,106);

1 row created.

SQL> insert into S22_S003_13_Handles(PRODUCT_ID,EMPLOYEE_ID) values (232,106);

1 row created.

SQL> insert into S22_S003_13_Handles(PRODUCT_ID,EMPLOYEE_ID) values (233,106);

1 row created.

SQL> insert into S22_S003_13_Handles(PRODUCT_ID,EMPLOYEE_ID) values (234,106);

1 row created.

SQL> insert into S22_S003_13_Handles(PRODUCT_ID,EMPLOYEE_ID) values (235,106);

1 row created.

SQL> insert into S22_S003_13_Handles(PRODUCT_ID,EMPLOYEE_ID) values (236,106);

1 row created.

SQL> insert into S22_S003_13_Handles(PRODUCT_ID,EMPLOYEE_ID) values (237,106);

1 row created.

SQL> insert into S22_S003_13_Handles(PRODUCT_ID,EMPLOYEE_ID) values (238,107);

1 row created.

SQL> insert into S22_S003_13_Handles(PRODUCT_ID,EMPLOYEE_ID) values (239,107);

1 row created.

SQL> insert into S22_S003_13_Handles(PRODUCT_ID,EMPLOYEE_ID) values (240,107);

1 row created.

SQL> insert into S22_S003_13_Handles(PRODUCT_ID,EMPLOYEE_ID) values (241,107);

1 row created.

SQL> insert into S22_S003_13_Handles(PRODUCT_ID,EMPLOYEE_ID) values (242,107);

1 row created.

SQL> insert into S22_S003_13_Contains(PRODUCT_QUANTITY,PRODUCT_ID,ORDER_ID) values (1,223,1);

1 row created.

SQL> insert into S22_S003_13_Contains(PRODUCT_QUANTITY,PRODUCT_ID,ORDER_ID) values (3,224,2);

1 row created.

SQL> insert into S22_S003_13_Contains(PRODUCT_QUANTITY,PRODUCT_ID,ORDER_ID) values (2,210,3);

1 row created.

SQL> insert into S22_S003_13_Contains(PRODUCT_QUANTITY,PRODUCT_ID,ORDER_ID) values (5,220,4);

1 row created.

SQL> insert into S22_S003_13_Contains(PRODUCT_QUANTITY,PRODUCT_ID,ORDER_ID) values (2,201,5);

1 row created.

SQL> insert into S22_S003_13_Contains(PRODUCT_QUANTITY,PRODUCT_ID,ORDER_ID) values (2,211,6);

1 row created.

SQL> insert into S22_S003_13_Contains(PRODUCT_QUANTITY,PRODUCT_ID,ORDER_ID) values (4,239,7);

1 row created.

SQL> insert into S22_S003_13_Contains(PRODUCT_QUANTITY,PRODUCT_ID,ORDER_ID) values (1,249,8);

1 row created.

SQL> insert into S22_S003_13_Contains(PRODUCT_QUANTITY,PRODUCT_ID,ORDER_ID) values (5,252,9);

1 row created.

SQL> insert into S22_S003_13_Contains(PRODUCT_QUANTITY,PRODUCT_ID,ORDER_ID) values (1,256,10);

1 row created.

SQL> insert into S22_S003_13_Contains(PRODUCT_QUANTITY,PRODUCT_ID,ORDER_ID) values (1,241,11);

1 row created.

SQL> insert into S22_S003_13_Contains(PRODUCT_QUANTITY,PRODUCT_ID,ORDER_ID) values (2,248,12);

1 row created.

SQL> insert into S22_S003_13_Contains(PRODUCT_QUANTITY,PRODUCT_ID,ORDER_ID) values (1,243,13);

1 row created.

SQL> insert into S22_S003_13_Contains(PRODUCT_QUANTITY,PRODUCT_ID,ORDER_ID) values (1,202,14);

1 row created.

SQL> insert into S22_S003_13_Contains(PRODUCT_QUANTITY,PRODUCT_ID,ORDER_ID) values (2,208,15);

1 row created.

SQL> insert into S22_S003_13_Contains(PRODUCT_QUANTITY,PRODUCT_ID,ORDER_ID) values (5,213,16);

1 row created.

SQL> insert into S22_S003_13_Contains(PRODUCT_QUANTITY,PRODUCT_ID,ORDER_ID) values (2,233,17);

1 row created.

SQL> insert into S22_S003_13_Contains(PRODUCT_QUANTITY,PRODUCT_ID,ORDER_ID) values (4,236,18);

1 row created.

SQL> insert into S22_S003_13_Contains(PRODUCT_QUANTITY,PRODUCT_ID,ORDER_ID) values (3,226,19);
insert into S22_S003_13_Contains(PRODUCT_QUANTITY,PRODUCT_ID,ORDER_ID) values (3,226,19)
*
ERROR at line 1:
ORA-02291: integrity constraint (PXS7587.SYS_C00501129) violated - parent key 
not found 


SQL> insert into S22_S003_13_Contains(PRODUCT_QUANTITY,PRODUCT_ID,ORDER_ID) values (1,245,20);

1 row created.

SQL> insert into S22_S003_13_Contains(PRODUCT_QUANTITY,PRODUCT_ID,ORDER_ID) values (1,251,21);

1 row created.

SQL> insert into S22_S003_13_Contains(PRODUCT_QUANTITY,PRODUCT_ID,ORDER_ID) values (2,247,22);

1 row created.

SQL> insert into S22_S003_13_Contains(PRODUCT_QUANTITY,PRODUCT_ID,ORDER_ID) values (1,250,23);

1 row created.

SQL> insert into S22_S003_13_Contains(PRODUCT_QUANTITY,PRODUCT_ID,ORDER_ID) values (2,224,24);

1 row created.

SQL> insert into S22_S003_13_Contains(PRODUCT_QUANTITY,PRODUCT_ID,ORDER_ID) values (3,225,25);

1 row created.

SQL> insert into S22_S003_13_Contains(PRODUCT_QUANTITY,PRODUCT_ID,ORDER_ID) values (2,210,26);

1 row created.

SQL> insert into S22_S003_13_Contains(PRODUCT_QUANTITY,PRODUCT_ID,ORDER_ID) values (1,223,27);

1 row created.

SQL> insert into S22_S003_13_Contains(PRODUCT_QUANTITY,PRODUCT_ID,ORDER_ID) values (1,229,28);

1 row created.

SQL> insert into S22_S003_13_Contains(PRODUCT_QUANTITY,PRODUCT_ID,ORDER_ID) values (1,232,29);

1 row created.

SQL> insert into S22_S003_13_Contains(PRODUCT_QUANTITY,PRODUCT_ID,ORDER_ID) values (2,231,30);

1 row created.

SQL> insert into S22_S003_13_Contains(PRODUCT_QUANTITY,PRODUCT_ID,ORDER_ID) values (4,213,31);

1 row created.

SQL> insert into S22_S003_13_Contains(PRODUCT_QUANTITY,PRODUCT_ID,ORDER_ID) values (2,220,31);

1 row created.

SQL> insert into S22_S003_13_Contains(PRODUCT_QUANTITY,PRODUCT_ID,ORDER_ID) values (1,212,32);

1 row created.

SQL> insert into S22_S003_13_Contains(PRODUCT_QUANTITY,PRODUCT_ID,ORDER_ID) values (2,224,32);

1 row created.

SQL> insert into S22_S003_13_Contains(PRODUCT_QUANTITY,PRODUCT_ID,ORDER_ID) values (1,201,33);

1 row created.

SQL> insert into S22_S003_13_Contains(PRODUCT_QUANTITY,PRODUCT_ID,ORDER_ID) values (1,202,33);

1 row created.

SQL> insert into S22_S003_13_Contains(PRODUCT_QUANTITY,PRODUCT_ID,ORDER_ID) values (4,239,34);

1 row created.

SQL> insert into S22_S003_13_Contains(PRODUCT_QUANTITY,PRODUCT_ID,ORDER_ID) values (4,240,34);

1 row created.

SQL> insert into S22_S003_13_Contains(PRODUCT_QUANTITY,PRODUCT_ID,ORDER_ID) values (2,229,35);

1 row created.

SQL> insert into S22_S003_13_Contains(PRODUCT_QUANTITY,PRODUCT_ID,ORDER_ID) values (2,231,35);

1 row created.

SQL> insert into S22_S003_13_Contains(PRODUCT_QUANTITY,PRODUCT_ID,ORDER_ID) values (1,205,36);

1 row created.

SQL> insert into S22_S003_13_Contains(PRODUCT_QUANTITY,PRODUCT_ID,ORDER_ID) values (2,252,36);

1 row created.

SQL> insert into S22_S003_13_Contains(PRODUCT_QUANTITY,PRODUCT_ID,ORDER_ID) values (3,221,37);

1 row created.

SQL> insert into S22_S003_13_Contains(PRODUCT_QUANTITY,PRODUCT_ID,ORDER_ID) values (3,222,37);

1 row created.

SQL> insert into S22_S003_13_Contains(PRODUCT_QUANTITY,PRODUCT_ID,ORDER_ID) values (1,208,38);

1 row created.

SQL> insert into S22_S003_13_Contains(PRODUCT_QUANTITY,PRODUCT_ID,ORDER_ID) values (2,253,38);

1 row created.

SQL> insert into S22_S003_13_Contains(PRODUCT_QUANTITY,PRODUCT_ID,ORDER_ID) values (1,245,39);

1 row created.

SQL> insert into S22_S003_13_Contains(PRODUCT_QUANTITY,PRODUCT_ID,ORDER_ID) values (1,246,39);

1 row created.

SQL> insert into S22_S003_13_Contains(PRODUCT_QUANTITY,PRODUCT_ID,ORDER_ID) values (1,234,40);

1 row created.

SQL> insert into S22_S003_13_Contains(PRODUCT_QUANTITY,PRODUCT_ID,ORDER_ID) values (2,235,40);

1 row created.

SQL> insert into S22_S003_13_Contains(PRODUCT_QUANTITY,PRODUCT_ID,ORDER_ID) values (1,223,41);

1 row created.

SQL> insert into S22_S003_13_Contains(PRODUCT_QUANTITY,PRODUCT_ID,ORDER_ID) values (1,231,41);

1 row created.

SQL> insert into S22_S003_13_Contains(PRODUCT_QUANTITY,PRODUCT_ID,ORDER_ID) values (2,241,41);

1 row created.

SQL> insert into S22_S003_13_Contains(PRODUCT_QUANTITY,PRODUCT_ID,ORDER_ID) values (1,209,42);

1 row created.

SQL> insert into S22_S003_13_Contains(PRODUCT_QUANTITY,PRODUCT_ID,ORDER_ID) values (2,217,42);

1 row created.

SQL> insert into S22_S003_13_Contains(PRODUCT_QUANTITY,PRODUCT_ID,ORDER_ID) values (2,219,42);

1 row created.

SQL> insert into S22_S003_13_Contains(PRODUCT_QUANTITY,PRODUCT_ID,ORDER_ID) values (1,211,43);

1 row created.

SQL> insert into S22_S003_13_Contains(PRODUCT_QUANTITY,PRODUCT_ID,ORDER_ID) values (2,221,43);

1 row created.

SQL> insert into S22_S003_13_Contains(PRODUCT_QUANTITY,PRODUCT_ID,ORDER_ID) values (2,242,43);

1 row created.

SQL> insert into S22_S003_13_Contains(PRODUCT_QUANTITY,PRODUCT_ID,ORDER_ID) values (1,244,44);

1 row created.

SQL> insert into S22_S003_13_Contains(PRODUCT_QUANTITY,PRODUCT_ID,ORDER_ID) values (1,245,44);

1 row created.

SQL> insert into S22_S003_13_Contains(PRODUCT_QUANTITY,PRODUCT_ID,ORDER_ID) values (1,246,44);

1 row created.

SQL> insert into S22_S003_13_Contains(PRODUCT_QUANTITY,PRODUCT_ID,ORDER_ID) values (1,248,45);

1 row created.

SQL> insert into S22_S003_13_Contains(PRODUCT_QUANTITY,PRODUCT_ID,ORDER_ID) values (1,249,45);

1 row created.

SQL> insert into S22_S003_13_Contains(PRODUCT_QUANTITY,PRODUCT_ID,ORDER_ID) values (2,250,45);

1 row created.

SQL> insert into S22_S003_13_Contains(PRODUCT_QUANTITY,PRODUCT_ID,ORDER_ID) values (1,205,46);

1 row created.

SQL> insert into S22_S003_13_Contains(PRODUCT_QUANTITY,PRODUCT_ID,ORDER_ID) values (2,206,46);

1 row created.

SQL> insert into S22_S003_13_Contains(PRODUCT_QUANTITY,PRODUCT_ID,ORDER_ID) values (2,208,46);

1 row created.

SQL> insert into S22_S003_13_Contains(PRODUCT_QUANTITY,PRODUCT_ID,ORDER_ID) values (1,237,47);

1 row created.

SQL> insert into S22_S003_13_Contains(PRODUCT_QUANTITY,PRODUCT_ID,ORDER_ID) values (1,238,47);

1 row created.

SQL> insert into S22_S003_13_Contains(PRODUCT_QUANTITY,PRODUCT_ID,ORDER_ID) values (3,252,47);

1 row created.

SQL> insert into S22_S003_13_Contains(PRODUCT_QUANTITY,PRODUCT_ID,ORDER_ID) values (3,228,48);

1 row created.

SQL> insert into S22_S003_13_Contains(PRODUCT_QUANTITY,PRODUCT_ID,ORDER_ID) values (2,229,48);

1 row created.

SQL> insert into S22_S003_13_Contains(PRODUCT_QUANTITY,PRODUCT_ID,ORDER_ID) values (2,230,48);

1 row created.

SQL> insert into S22_S003_13_Contains(PRODUCT_QUANTITY,PRODUCT_ID,ORDER_ID) values (1,209,49);

1 row created.

SQL> insert into S22_S003_13_Contains(PRODUCT_QUANTITY,PRODUCT_ID,ORDER_ID) values (2,210,49);

1 row created.

SQL> insert into S22_S003_13_Contains(PRODUCT_QUANTITY,PRODUCT_ID,ORDER_ID) values (4,214,49);

1 row created.

SQL> insert into S22_S003_13_Contains(PRODUCT_QUANTITY,PRODUCT_ID,ORDER_ID) values (1,204,50);

1 row created.

SQL> insert into S22_S003_13_Contains(PRODUCT_QUANTITY,PRODUCT_ID,ORDER_ID) values (2,220,50);

1 row created.

SQL> insert into S22_S003_13_Contains(PRODUCT_QUANTITY,PRODUCT_ID,ORDER_ID) values (2,224,50);

1 row created.

SQL> insert into S22_S003_13_Contains(PRODUCT_QUANTITY,PRODUCT_ID,ORDER_ID) values (3,230,50);

1 row created.

SQL> spool off;
